#-----------------------------------------------------------
# Vivado v2022.1 (64-bit)
# SW Build 3526262 on Mon Apr 18 15:48:16 MDT 2022
# IP Build 3524634 on Mon Apr 18 20:55:01 MDT 2022
# Start of session at: Mon Apr 24 15:57:58 2023
# Process ID: 23268
# Current directory: C:/Users/mayamakram/Desktop/Arch_Lab/ProjectM3
# Command line: vivado.exe -gui_launcher_event rodinguilauncherevent3516 C:\Users\mayamakram\Desktop\Arch_Lab\ProjectM3\PP_CPU.xpr
# Log file: C:/Users/mayamakram/Desktop/Arch_Lab/ProjectM3/vivado.log
# Journal file: C:/Users/mayamakram/Desktop/Arch_Lab/ProjectM3\vivado.jou
# Running On: CSE-P07-2168-10, OS: Windows, CPU Frequency: 3600 MHz, CPU Physical cores: 4, Host memory: 34246 MB
#-----------------------------------------------------------
start_gui
open_project C:/Users/mayamakram/Desktop/Arch_Lab/ProjectM3/PP_CPU.xpr
update_compile_order -fileset sources_1
add_files -norecurse C:/Users/mayamakram/Desktop/Arch_Lab/Lab_6/CPU.srcs/sources_1/new/main.v
update_compile_order -fileset sources_1
# Disabling source management mode.  This is to allow the top design properties to be set without GUI intervention.
set_property source_mgmt_mode None [current_project]
set_property top main [current_fileset]
# Re-enabling previously disabled source management mode.
set_property source_mgmt_mode All [current_project]
update_compile_order -fileset sources_1
launch_runs impl_1 -to_step write_bitstream -jobs 8
wait_on_run impl_1
reset_run synth_1
launch_runs synth_1 -jobs 8
wait_on_run synth_1
reset_run synth_1
launch_runs synth_1 -jobs 8
wait_on_run synth_1
