#-----------------------------------------------------------
# Vivado v2022.1 (64-bit)
# SW Build 3526262 on Mon Apr 18 15:48:16 MDT 2022
# IP Build 3524634 on Mon Apr 18 20:55:01 MDT 2022
# Start of session at: Wed Apr 26 21:14:25 2023
# Process ID: 1768
# Current directory: C:/Users/mayamakram/Desktop/Arch_Lab/ProjectM3
# Command line: vivado.exe -gui_launcher_event rodinguilauncherevent14792 C:\Users\mayamakram\Desktop\Arch_Lab\ProjectM3\PP_CPU.xpr
# Log file: C:/Users/mayamakram/Desktop/Arch_Lab/ProjectM3/vivado.log
# Journal file: C:/Users/mayamakram/Desktop/Arch_Lab/ProjectM3\vivado.jou
# Running On: CSE-P07-2168-10, OS: Windows, CPU Frequency: 3600 MHz, CPU Physical cores: 4, Host memory: 34246 MB
#-----------------------------------------------------------
start_gui
open_project C:/Users/mayamakram/Desktop/Arch_Lab/ProjectM3/PP_CPU.xpr
update_compile_order -fileset sources_1
launch_simulation
open_wave_config C:/Users/mayamakram/Desktop/Arch_Lab/ProjectM3/PP_CPU_tb_behav.wcfg
source PP_CPU_tb.tcl
relaunch_sim
